src/modules/field/service-orders/pages/ServiceOrderDetail.tsx(2,36): error TS2307: Cannot find module '@/components/ui/page-skeleton' or its corresponding type declarations.
src/modules/field/service-orders/pages/ServiceOrderDetail.tsx(6,58): error TS2307: Cannot find module '@/components/ui/card' or its corresponding type declarations.
src/modules/field/service-orders/pages/ServiceOrderDetail.tsx(7,24): error TS2307: Cannot find module '@/components/ui/button' or its corresponding type declarations.
src/modules/field/service-orders/pages/ServiceOrderDetail.tsx(8,23): error TS2307: Cannot find module '@/components/ui/badge' or its corresponding type declarations.
src/modules/field/service-orders/pages/ServiceOrderDetail.tsx(9,58): error TS2307: Cannot find module '@/components/ui/tabs' or its corresponding type declarations.
src/modules/field/service-orders/pages/ServiceOrderDetail.tsx(10,79): error TS2307: Cannot find module '@/components/ui/select' or its corresponding type declarations.
src/modules/field/service-orders/pages/ServiceOrderDetail.tsx(11,38): error TS2307: Cannot find module '@/hooks/useLayoutMode' or its corresponding type declarations.
src/modules/field/service-orders/pages/ServiceOrderDetail.tsx(12,40): error TS2307: Cannot find module '@/components/ui/avatar' or its corresponding type declarations.
src/modules/field/service-orders/pages/ServiceOrderDetail.tsx(13,74): error TS2307: Cannot find module '@/components/ui/tooltip' or its corresponding type declarations.
src/modules/field/service-orders/pages/ServiceOrderDetail.tsx(14,66): error TS2307: Cannot find module '@/components/ui/dialog' or its corresponding type declarations.
src/modules/field/service-orders/pages/ServiceOrderDetail.tsx(15,27): error TS2307: Cannot find module '@/components/ui/separator' or its corresponding type declarations.
src/modules/field/service-orders/pages/ServiceOrderDetail.tsx(16,23): error TS2307: Cannot find module '@/components/ui/input' or its corresponding type declarations.
src/modules/field/service-orders/pages/ServiceOrderDetail.tsx(17,26): error TS2307: Cannot find module '@/components/ui/textarea' or its corresponding type declarations.
src/modules/field/service-orders/pages/ServiceOrderDetail.tsx(18,23): error TS2307: Cannot find module '@/components/ui/label' or its corresponding type declarations.
src/modules/field/service-orders/pages/ServiceOrderDetail.tsx(19,26): error TS2307: Cannot find module '@/components/ui/checkbox' or its corresponding type declarations.
src/modules/field/service-orders/pages/ServiceOrderDetail.tsx(21,35): error TS2307: Cannot find module '@/components/ui/collapsible-search' or its corresponding type declarations.
src/modules/field/service-orders/pages/ServiceOrderDetail.tsx(22,27): error TS6142: Module '../components/JobsTable' was resolved to 'c:/Users/iheb.chebbi/Desktop/Flowentra/src/modules/field/service-orders/components/JobsTable.tsx', but '--jsx' is not set.
src/modules/field/service-orders/pages/ServiceOrderDetail.tsx(23,33): error TS6142: Module '../components/DispatchesTable' was resolved to 'c:/Users/iheb.chebbi/Desktop/Flowentra/src/modules/field/service-orders/components/DispatchesTable.tsx', but '--jsx' is not set.
src/modules/field/service-orders/pages/ServiceOrderDetail.tsx(24,65): error TS6142: Module '../components/ServiceOrderStatusFlow' was resolved to 'c:/Users/iheb.chebbi/Desktop/Flowentra/src/modules/field/service-orders/components/ServiceOrderStatusFlow.tsx', but '--jsx' is not set.
src/modules/field/service-orders/pages/ServiceOrderDetail.tsx(25,33): error TS6142: Module '../components/TimeExpensesTab' was resolved to 'c:/Users/iheb.chebbi/Desktop/Flowentra/src/modules/field/service-orders/components/TimeExpensesTab.tsx', but '--jsx' is not set.
src/modules/field/service-orders/pages/ServiceOrderDetail.tsx(26,30): error TS6142: Module '../components/MaterialsTab' was resolved to 'c:/Users/iheb.chebbi/Desktop/Flowentra/src/modules/field/service-orders/components/MaterialsTab.tsx', but '--jsx' is not set.
src/modules/field/service-orders/pages/ServiceOrderDetail.tsx(27,41): error TS6142: Module '../components/ServiceOrderActivityTab' was resolved to 'c:/Users/iheb.chebbi/Desktop/Flowentra/src/modules/field/service-orders/components/ServiceOrderActivityTab.tsx', but '--jsx' is not set.
src/modules/field/service-orders/pages/ServiceOrderDetail.tsx(28,30): error TS6142: Module '../components/DocumentsTab' was resolved to 'c:/Users/iheb.chebbi/Desktop/Flowentra/src/modules/field/service-orders/components/DocumentsTab.tsx', but '--jsx' is not set.
src/modules/field/service-orders/pages/ServiceOrderDetail.tsx(29,35): error TS2307: Cannot find module '@/modules/shared/components/documents' or its corresponding type declarations.
src/modules/field/service-orders/pages/ServiceOrderDetail.tsx(30,20): error TS2307: Cannot find module '@/lib/utils' or its corresponding type declarations.
src/modules/field/service-orders/pages/ServiceOrderDetail.tsx(31,40): error TS2307: Cannot find module '@/components/shared/ProfessionalShareModal' or its corresponding type declarations.
src/modules/field/service-orders/pages/ServiceOrderDetail.tsx(32,45): error TS6142: Module '../components/ServiceOrderPDFPreviewModal' was resolved to 'c:/Users/iheb.chebbi/Desktop/Flowentra/src/modules/field/service-orders/components/ServiceOrderPDFPreviewModal.tsx', but '--jsx' is not set.
src/modules/field/service-orders/pages/ServiceOrderDetail.tsx(33,39): error TS6142: Module '../components/SendServiceOrderModal' was resolved to 'c:/Users/iheb.chebbi/Desktop/Flowentra/src/modules/field/service-orders/components/SendServiceOrderModal.tsx', but '--jsx' is not set.
src/modules/field/service-orders/pages/ServiceOrderDetail.tsx(34,41): error TS6142: Module '../components/ServiceOrderPDFDocument' was resolved to 'c:/Users/iheb.chebbi/Desktop/Flowentra/src/modules/field/service-orders/components/ServiceOrderPDFDocument.tsx', but '--jsx' is not set.
src/modules/field/service-orders/pages/ServiceOrderDetail.tsx(36,34): error TS6142: Module '../../components/AddMaterialModal' was resolved to 'c:/Users/iheb.chebbi/Desktop/Flowentra/src/modules/field/components/AddMaterialModal.tsx', but '--jsx' is not set.
src/modules/field/service-orders/pages/ServiceOrderDetail.tsx(37,41): error TS6142: Module '../components/InvoicePreparationModal' was resolved to 'c:/Users/iheb.chebbi/Desktop/Flowentra/src/modules/field/service-orders/components/InvoicePreparationModal.tsx', but '--jsx' is not set.
src/modules/field/service-orders/pages/ServiceOrderDetail.tsx(38,30): error TS2307: Cannot find module '@/modules/inventory-services/types' or its corresponding type declarations.
src/modules/field/service-orders/pages/ServiceOrderDetail.tsx(39,34): error TS2307: Cannot find module '@/services/api/serviceOrdersApi' or its corresponding type declarations.
src/modules/field/service-orders/pages/ServiceOrderDetail.tsx(40,32): error TS2307: Cannot find module '@/services/api/appSettingsApi' or its corresponding type declarations.
src/modules/field/service-orders/pages/ServiceOrderDetail.tsx(41,29): error TS2307: Cannot find module '@/services/api/articlesApi' or its corresponding type declarations.
src/modules/field/service-orders/pages/ServiceOrderDetail.tsx(42,26): error TS2307: Cannot find module '@/services/api/usersApi' or its corresponding type declarations.
src/modules/field/service-orders/pages/ServiceOrderDetail.tsx(43,34): error TS2307: Cannot find module '@/services/api/installationsApi' or its corresponding type declarations.
src/modules/field/service-orders/pages/ServiceOrderDetail.tsx(44,26): error TS2307: Cannot find module '@/services/api/salesApi' or its corresponding type declarations.
src/modules/field/service-orders/pages/ServiceOrderDetail.tsx(45,27): error TS2307: Cannot find module '@/services/api/offersApi' or its corresponding type declarations.
src/modules/field/service-orders/pages/ServiceOrderDetail.tsx(46,34): error TS2307: Cannot find module '@/services/api/notificationsApi' or its corresponding type declarations.
src/modules/field/service-orders/pages/ServiceOrderDetail.tsx(840,37): error TS2339: Property 'estimatedCost' does not exist on type 'ApiServiceOrder'.
src/modules/field/service-orders/pages/ServiceOrderDetail.tsx(847,33): error TS2339: Property 'estimatedCost' does not exist on type 'ApiServiceOrder'.
src/modules/field/service-orders/pages/ServiceOrderDetail.tsx(850,62): error TS2339: Property 'estimatedCost' does not exist on type 'ApiServiceOrder'.
src/modules/field/service-orders/pages/ServiceOrderDetail.tsx(854,66): error TS2339: Property 'estimatedCost' does not exist on type 'ApiServiceOrder'.
src/modules/field/service-orders/pages/ServiceOrderDetail.tsx(951,12): error TS17004: Cannot use JSX unless the '--jsx' flag is provided.
src/modules/field/service-orders/pages/ServiceOrderDetail.tsx(957,7): error TS17004: Cannot use JSX unless the '--jsx' flag is provided.
src/modules/field/service-orders/pages/ServiceOrderDetail.tsx(958,9): error TS17004: Cannot use JSX unless the '--jsx' flag is provided.
src/modules/field/service-orders/pages/ServiceOrderDetail.tsx(959,11): error TS17004: Cannot use JSX unless the '--jsx' flag is provided.
src/modules/field/service-orders/pages/ServiceOrderDetail.tsx(960,11): error TS17004: Cannot use JSX unless the '--jsx' flag is provided.
src/modules/field/service-orders/pages/ServiceOrderDetail.tsx(961,11): error TS17004: Cannot use JSX unless the '--jsx' flag is provided.
src/modules/field/service-orders/pages/ServiceOrderDetail.tsx(962,13): error TS17004: Cannot use JSX unless the '--jsx' flag is provided.
src/modules/field/service-orders/pages/ServiceOrderDetail.tsx(971,5): error TS17004: Cannot use JSX unless the '--jsx' flag is provided.
src/modules/field/service-orders/pages/ServiceOrderDetail.tsx(973,7): error TS17004: Cannot use JSX unless the '--jsx' flag is provided.
src/modules/field/service-orders/pages/ServiceOrderDetail.tsx(975,9): error TS17004: Cannot use JSX unless the '--jsx' flag is provided.
src/modules/field/service-orders/pages/ServiceOrderDetail.tsx(976,11): error TS17004: Cannot use JSX unless the '--jsx' flag is provided.
src/modules/field/service-orders/pages/ServiceOrderDetail.tsx(977,13): error TS17004: Cannot use JSX unless the '--jsx' flag is provided.
src/modules/field/service-orders/pages/ServiceOrderDetail.tsx(978,15): error TS17004: Cannot use JSX unless the '--jsx' flag is provided.
src/modules/field/service-orders/pages/ServiceOrderDetail.tsx(981,13): error TS17004: Cannot use JSX unless the '--jsx' flag is provided.
src/modules/field/service-orders/pages/ServiceOrderDetail.tsx(982,15): error TS17004: Cannot use JSX unless the '--jsx' flag is provided.
src/modules/field/service-orders/pages/ServiceOrderDetail.tsx(983,17): error TS17004: Cannot use JSX unless the '--jsx' flag is provided.
src/modules/field/service-orders/pages/ServiceOrderDetail.tsx(985,15): error TS17004: Cannot use JSX unless the '--jsx' flag is provided.
src/modules/field/service-orders/pages/ServiceOrderDetail.tsx(986,17): error TS17004: Cannot use JSX unless the '--jsx' flag is provided.
src/modules/field/service-orders/pages/ServiceOrderDetail.tsx(991,11): error TS17004: Cannot use JSX unless the '--jsx' flag is provided.
src/modules/field/service-orders/pages/ServiceOrderDetail.tsx(992,13): error TS17004: Cannot use JSX unless the '--jsx' flag is provided.
src/modules/field/service-orders/pages/ServiceOrderDetail.tsx(993,15): error TS17004: Cannot use JSX unless the '--jsx' flag is provided.
src/modules/field/service-orders/pages/ServiceOrderDetail.tsx(996,15): error TS17004: Cannot use JSX unless the '--jsx' flag is provided.
src/modules/field/service-orders/pages/ServiceOrderDetail.tsx(997,17): error TS17004: Cannot use JSX unless the '--jsx' flag is provided.
src/modules/field/service-orders/pages/ServiceOrderDetail.tsx(1010,21): error TS17004: Cannot use JSX unless the '--jsx' flag is provided.
src/modules/field/service-orders/pages/ServiceOrderDetail.tsx(1012,19): error TS17004: Cannot use JSX unless the '--jsx' flag is provided.
src/modules/field/service-orders/pages/ServiceOrderDetail.tsx(1017,19): error TS17004: Cannot use JSX unless the '--jsx' flag is provided.
src/modules/field/service-orders/pages/ServiceOrderDetail.tsx(1032,9): error TS17004: Cannot use JSX unless the '--jsx' flag is provided.
src/modules/field/service-orders/pages/ServiceOrderDetail.tsx(1033,11): error TS17004: Cannot use JSX unless the '--jsx' flag is provided.
src/modules/field/service-orders/pages/ServiceOrderDetail.tsx(1035,13): error TS17004: Cannot use JSX unless the '--jsx' flag is provided.
src/modules/field/service-orders/pages/ServiceOrderDetail.tsx(1041,15): error TS17004: Cannot use JSX unless the '--jsx' flag is provided.
src/modules/field/service-orders/pages/ServiceOrderDetail.tsx(1045,13): error TS17004: Cannot use JSX unless the '--jsx' flag is provided.
src/modules/field/service-orders/pages/ServiceOrderDetail.tsx(1046,15): error TS17004: Cannot use JSX unless the '--jsx' flag is provided.
src/modules/field/service-orders/pages/ServiceOrderDetail.tsx(1047,17): error TS17004: Cannot use JSX unless the '--jsx' flag is provided.
src/modules/field/service-orders/pages/ServiceOrderDetail.tsx(1049,19): error TS17004: Cannot use JSX unless the '--jsx' flag is provided.
src/modules/field/service-orders/pages/ServiceOrderDetail.tsx(1050,21): error TS17004: Cannot use JSX unless the '--jsx' flag is provided.
src/modules/field/service-orders/pages/ServiceOrderDetail.tsx(1056,19): error TS17004: Cannot use JSX unless the '--jsx' flag is provided.
src/modules/field/service-orders/pages/ServiceOrderDetail.tsx(1057,21): error TS17004: Cannot use JSX unless the '--jsx' flag is provided.
src/modules/field/service-orders/pages/ServiceOrderDetail.tsx(1063,21): error TS17004: Cannot use JSX unless the '--jsx' flag is provided.
src/modules/field/service-orders/pages/ServiceOrderDetail.tsx(1065,21): error TS17004: Cannot use JSX unless the '--jsx' flag is provided.
src/modules/field/service-orders/pages/ServiceOrderDetail.tsx(1066,23): error TS17004: Cannot use JSX unless the '--jsx' flag is provided.
src/modules/field/service-orders/pages/ServiceOrderDetail.tsx(1067,25): error TS17004: Cannot use JSX unless the '--jsx' flag is provided.
src/modules/field/service-orders/pages/ServiceOrderDetail.tsx(1068,27): error TS17004: Cannot use JSX unless the '--jsx' flag is provided.
src/modules/field/service-orders/pages/ServiceOrderDetail.tsx(1069,29): error TS17004: Cannot use JSX unless the '--jsx' flag is provided.
src/modules/field/service-orders/pages/ServiceOrderDetail.tsx(1070,31): error TS17004: Cannot use JSX unless the '--jsx' flag is provided.
src/modules/field/service-orders/pages/ServiceOrderDetail.tsx(1073,27): error TS17004: Cannot use JSX unless the '--jsx' flag is provided.
src/modules/field/service-orders/pages/ServiceOrderDetail.tsx(1076,25): error TS17004: Cannot use JSX unless the '--jsx' flag is provided.
src/modules/field/service-orders/pages/ServiceOrderDetail.tsx(1077,27): error TS17004: Cannot use JSX unless the '--jsx' flag is provided.
src/modules/field/service-orders/pages/ServiceOrderDetail.tsx(1078,29): error TS17004: Cannot use JSX unless the '--jsx' flag is provided.
src/modules/field/service-orders/pages/ServiceOrderDetail.tsx(1079,31): error TS17004: Cannot use JSX unless the '--jsx' flag is provided.
src/modules/field/service-orders/pages/ServiceOrderDetail.tsx(1082,27): error TS17004: Cannot use JSX unless the '--jsx' flag is provided.
src/modules/field/service-orders/pages/ServiceOrderDetail.tsx(1085,25): error TS17004: Cannot use JSX unless the '--jsx' flag is provided.
src/modules/field/service-orders/pages/ServiceOrderDetail.tsx(1086,27): error TS17004: Cannot use JSX unless the '--jsx' flag is provided.
src/modules/field/service-orders/pages/ServiceOrderDetail.tsx(1087,29): error TS17004: Cannot use JSX unless the '--jsx' flag is provided.
src/modules/field/service-orders/pages/ServiceOrderDetail.tsx(1088,31): error TS17004: Cannot use JSX unless the '--jsx' flag is provided.
src/modules/field/service-orders/pages/ServiceOrderDetail.tsx(1091,27): error TS17004: Cannot use JSX unless the '--jsx' flag is provided.
src/modules/field/service-orders/pages/ServiceOrderDetail.tsx(1094,25): error TS17004: Cannot use JSX unless the '--jsx' flag is provided.
src/modules/field/service-orders/pages/ServiceOrderDetail.tsx(1095,27): error TS17004: Cannot use JSX unless the '--jsx' flag is provided.
src/modules/field/service-orders/pages/ServiceOrderDetail.tsx(1096,29): error TS17004: Cannot use JSX unless the '--jsx' flag is provided.
src/modules/field/service-orders/pages/ServiceOrderDetail.tsx(1097,31): error TS17004: Cannot use JSX unless the '--jsx' flag is provided.
src/modules/field/service-orders/pages/ServiceOrderDetail.tsx(1100,27): error TS17004: Cannot use JSX unless the '--jsx' flag is provided.
src/modules/field/service-orders/pages/ServiceOrderDetail.tsx(1113,7): error TS17004: Cannot use JSX unless the '--jsx' flag is provided.
src/modules/field/service-orders/pages/ServiceOrderDetail.tsx(1116,9): error TS17004: Cannot use JSX unless the '--jsx' flag is provided.
src/modules/field/service-orders/pages/ServiceOrderDetail.tsx(1119,13): error TS17004: Cannot use JSX unless the '--jsx' flag is provided.
src/modules/field/service-orders/pages/ServiceOrderDetail.tsx(1120,15): error TS17004: Cannot use JSX unless the '--jsx' flag is provided.
src/modules/field/service-orders/pages/ServiceOrderDetail.tsx(1121,17): error TS17004: Cannot use JSX unless the '--jsx' flag is provided.
src/modules/field/service-orders/pages/ServiceOrderDetail.tsx(1132,15): error TS17004: Cannot use JSX unless the '--jsx' flag is provided.
src/modules/field/service-orders/pages/ServiceOrderDetail.tsx(1133,17): error TS17004: Cannot use JSX unless the '--jsx' flag is provided.
src/modules/field/service-orders/pages/ServiceOrderDetail.tsx(1134,17): error TS17004: Cannot use JSX unless the '--jsx' flag is provided.
src/modules/field/service-orders/pages/ServiceOrderDetail.tsx(1135,17): error TS17004: Cannot use JSX unless the '--jsx' flag is provided.
src/modules/field/service-orders/pages/ServiceOrderDetail.tsx(1136,17): error TS17004: Cannot use JSX unless the '--jsx' flag is provided.
src/modules/field/service-orders/pages/ServiceOrderDetail.tsx(1137,17): error TS17004: Cannot use JSX unless the '--jsx' flag is provided.
src/modules/field/service-orders/pages/ServiceOrderDetail.tsx(1138,17): error TS17004: Cannot use JSX unless the '--jsx' flag is provided.
src/modules/field/service-orders/pages/ServiceOrderDetail.tsx(1139,17): error TS17004: Cannot use JSX unless the '--jsx' flag is provided.
src/modules/field/service-orders/pages/ServiceOrderDetail.tsx(1140,17): error TS17004: Cannot use JSX unless the '--jsx' flag is provided.
src/modules/field/service-orders/pages/ServiceOrderDetail.tsx(1144,13): error TS17004: Cannot use JSX unless the '--jsx' flag is provided.
src/modules/field/service-orders/pages/ServiceOrderDetail.tsx(1145,15): error TS17004: Cannot use JSX unless the '--jsx' flag is provided.
src/modules/field/service-orders/pages/ServiceOrderDetail.tsx(1146,15): error TS17004: Cannot use JSX unless the '--jsx' flag is provided.
src/modules/field/service-orders/pages/ServiceOrderDetail.tsx(1147,15): error TS17004: Cannot use JSX unless the '--jsx' flag is provided.
src/modules/field/service-orders/pages/ServiceOrderDetail.tsx(1148,15): error TS17004: Cannot use JSX unless the '--jsx' flag is provided.
src/modules/field/service-orders/pages/ServiceOrderDetail.tsx(1149,15): error TS17004: Cannot use JSX unless the '--jsx' flag is provided.
src/modules/field/service-orders/pages/ServiceOrderDetail.tsx(1150,15): error TS17004: Cannot use JSX unless the '--jsx' flag is provided.
src/modules/field/service-orders/pages/ServiceOrderDetail.tsx(1151,15): error TS17004: Cannot use JSX unless the '--jsx' flag is provided.
src/modules/field/service-orders/pages/ServiceOrderDetail.tsx(1152,15): error TS17004: Cannot use JSX unless the '--jsx' flag is provided.
src/modules/field/service-orders/pages/ServiceOrderDetail.tsx(1157,11): error TS17004: Cannot use JSX unless the '--jsx' flag is provided.
src/modules/field/service-orders/pages/ServiceOrderDetail.tsx(1158,13): error TS17004: Cannot use JSX unless the '--jsx' flag is provided.
src/modules/field/service-orders/pages/ServiceOrderDetail.tsx(1160,15): error TS17004: Cannot use JSX unless the '--jsx' flag is provided.
src/modules/field/service-orders/pages/ServiceOrderDetail.tsx(1161,17): error TS17004: Cannot use JSX unless the '--jsx' flag is provided.
src/modules/field/service-orders/pages/ServiceOrderDetail.tsx(1162,19): error TS17004: Cannot use JSX unless the '--jsx' flag is provided.
src/modules/field/service-orders/pages/ServiceOrderDetail.tsx(1163,21): error TS17004: Cannot use JSX unless the '--jsx' flag is provided.
src/modules/field/service-orders/pages/ServiceOrderDetail.tsx(1167,17): error TS17004: Cannot use JSX unless the '--jsx' flag is provided.
src/modules/field/service-orders/pages/ServiceOrderDetail.tsx(1168,19): error TS17004: Cannot use JSX unless the '--jsx' flag is provided.
src/modules/field/service-orders/pages/ServiceOrderDetail.tsx(1170,21): error TS17004: Cannot use JSX unless the '--jsx' flag is provided.
src/modules/field/service-orders/pages/ServiceOrderDetail.tsx(1171,23): error TS17004: Cannot use JSX unless the '--jsx' flag is provided.
src/modules/field/service-orders/pages/ServiceOrderDetail.tsx(1172,25): error TS17004: Cannot use JSX unless the '--jsx' flag is provided.
src/modules/field/service-orders/pages/ServiceOrderDetail.tsx(1173,25): error TS17004: Cannot use JSX unless the '--jsx' flag is provided.
src/modules/field/service-orders/pages/ServiceOrderDetail.tsx(1176,23): error TS17004: Cannot use JSX unless the '--jsx' flag is provided.
src/modules/field/service-orders/pages/ServiceOrderDetail.tsx(1177,25): error TS17004: Cannot use JSX unless the '--jsx' flag is provided.
src/modules/field/service-orders/pages/ServiceOrderDetail.tsx(1178,25): error TS17004: Cannot use JSX unless the '--jsx' flag is provided.
src/modules/field/service-orders/pages/ServiceOrderDetail.tsx(1181,23): error TS17004: Cannot use JSX unless the '--jsx' flag is provided.
src/modules/field/service-orders/pages/ServiceOrderDetail.tsx(1182,25): error TS17004: Cannot use JSX unless the '--jsx' flag is provided.
src/modules/field/service-orders/pages/ServiceOrderDetail.tsx(1183,25): error TS17004: Cannot use JSX unless the '--jsx' flag is provided.
src/modules/field/service-orders/pages/ServiceOrderDetail.tsx(1184,27): error TS17004: Cannot use JSX unless the '--jsx' flag is provided.
src/modules/field/service-orders/pages/ServiceOrderDetail.tsx(1189,29): error TS17004: Cannot use JSX unless the '--jsx' flag is provided.
src/modules/field/service-orders/pages/ServiceOrderDetail.tsx(1190,29): error TS17004: Cannot use JSX unless the '--jsx' flag is provided.
src/modules/field/service-orders/pages/ServiceOrderDetail.tsx(1195,23): error TS17004: Cannot use JSX unless the '--jsx' flag is provided.
src/modules/field/service-orders/pages/ServiceOrderDetail.tsx(1196,25): error TS17004: Cannot use JSX unless the '--jsx' flag is provided.
src/modules/field/service-orders/pages/ServiceOrderDetail.tsx(1197,25): error TS17004: Cannot use JSX unless the '--jsx' flag is provided.
src/modules/field/service-orders/pages/ServiceOrderDetail.tsx(1202,23): error TS17004: Cannot use JSX unless the '--jsx' flag is provided.
src/modules/field/service-orders/pages/ServiceOrderDetail.tsx(1203,25): error TS17004: Cannot use JSX unless the '--jsx' flag is provided.
src/modules/field/service-orders/pages/ServiceOrderDetail.tsx(1204,25): error TS17004: Cannot use JSX unless the '--jsx' flag is provided.
src/modules/field/service-orders/pages/ServiceOrderDetail.tsx(1209,23): error TS17004: Cannot use JSX unless the '--jsx' flag is provided.
src/modules/field/service-orders/pages/ServiceOrderDetail.tsx(1210,25): error TS17004: Cannot use JSX unless the '--jsx' flag is provided.
src/modules/field/service-orders/pages/ServiceOrderDetail.tsx(1211,25): error TS17004: Cannot use JSX unless the '--jsx' flag is provided.
src/modules/field/service-orders/pages/ServiceOrderDetail.tsx(1221,21): error TS17004: Cannot use JSX unless the '--jsx' flag is provided.
src/modules/field/service-orders/pages/ServiceOrderDetail.tsx(1224,25): error TS17004: Cannot use JSX unless the '--jsx' flag is provided.
src/modules/field/service-orders/pages/ServiceOrderDetail.tsx(1225,27): error TS17004: Cannot use JSX unless the '--jsx' flag is provided.
src/modules/field/service-orders/pages/ServiceOrderDetail.tsx(1226,27): error TS17004: Cannot use JSX unless the '--jsx' flag is provided.
src/modules/field/service-orders/pages/ServiceOrderDetail.tsx(1227,29): error TS17004: Cannot use JSX unless the '--jsx' flag is provided.
src/modules/field/service-orders/pages/ServiceOrderDetail.tsx(1232,31): error TS17004: Cannot use JSX unless the '--jsx' flag is provided.
src/modules/field/service-orders/pages/ServiceOrderDetail.tsx(1233,31): error TS17004: Cannot use JSX unless the '--jsx' flag is provided.
src/modules/field/service-orders/pages/ServiceOrderDetail.tsx(1239,23): error TS17004: Cannot use JSX unless the '--jsx' flag is provided.
src/modules/field/service-orders/pages/ServiceOrderDetail.tsx(1240,25): error TS17004: Cannot use JSX unless the '--jsx' flag is provided.
src/modules/field/service-orders/pages/ServiceOrderDetail.tsx(1241,25): error TS17004: Cannot use JSX unless the '--jsx' flag is provided.
src/modules/field/service-orders/pages/ServiceOrderDetail.tsx(1242,27): error TS17004: Cannot use JSX unless the '--jsx' flag is provided.
src/modules/field/service-orders/pages/ServiceOrderDetail.tsx(1256,23): error TS17004: Cannot use JSX unless the '--jsx' flag is provided.
src/modules/field/service-orders/pages/ServiceOrderDetail.tsx(1257,25): error TS17004: Cannot use JSX unless the '--jsx' flag is provided.
src/modules/field/service-orders/pages/ServiceOrderDetail.tsx(1258,25): error TS17004: Cannot use JSX unless the '--jsx' flag is provided.
src/modules/field/service-orders/pages/ServiceOrderDetail.tsx(1261,23): error TS17004: Cannot use JSX unless the '--jsx' flag is provided.
src/modules/field/service-orders/pages/ServiceOrderDetail.tsx(1262,25): error TS17004: Cannot use JSX unless the '--jsx' flag is provided.
src/modules/field/service-orders/pages/ServiceOrderDetail.tsx(1263,25): error TS17004: Cannot use JSX unless the '--jsx' flag is provided.
src/modules/field/service-orders/pages/ServiceOrderDetail.tsx(1265,42): error TS2339: Property 'estimatedCost' does not exist on type 'ApiServiceOrder'.
src/modules/field/service-orders/pages/ServiceOrderDetail.tsx(1272,23): error TS17004: Cannot use JSX unless the '--jsx' flag is provided.
src/modules/field/service-orders/pages/ServiceOrderDetail.tsx(1273,25): error TS17004: Cannot use JSX unless the '--jsx' flag is provided.
src/modules/field/service-orders/pages/ServiceOrderDetail.tsx(1274,25): error TS17004: Cannot use JSX unless the '--jsx' flag is provided.
src/modules/field/service-orders/pages/ServiceOrderDetail.tsx(1279,23): error TS17004: Cannot use JSX unless the '--jsx' flag is provided.
src/modules/field/service-orders/pages/ServiceOrderDetail.tsx(1280,25): error TS17004: Cannot use JSX unless the '--jsx' flag is provided.
src/modules/field/service-orders/pages/ServiceOrderDetail.tsx(1281,25): error TS17004: Cannot use JSX unless the '--jsx' flag is provided.
src/modules/field/service-orders/pages/ServiceOrderDetail.tsx(1294,11): error TS17004: Cannot use JSX unless the '--jsx' flag is provided.
src/modules/field/service-orders/pages/ServiceOrderDetail.tsx(1295,13): error TS17004: Cannot use JSX unless the '--jsx' flag is provided.
src/modules/field/service-orders/pages/ServiceOrderDetail.tsx(1296,15): error TS17004: Cannot use JSX unless the '--jsx' flag is provided.
src/modules/field/service-orders/pages/ServiceOrderDetail.tsx(1297,17): error TS17004: Cannot use JSX unless the '--jsx' flag is provided.
src/modules/field/service-orders/pages/ServiceOrderDetail.tsx(1307,11): error TS17004: Cannot use JSX unless the '--jsx' flag is provided.
src/modules/field/service-orders/pages/ServiceOrderDetail.tsx(1308,13): error TS17004: Cannot use JSX unless the '--jsx' flag is provided.
src/modules/field/service-orders/pages/ServiceOrderDetail.tsx(1309,15): error TS17004: Cannot use JSX unless the '--jsx' flag is provided.
src/modules/field/service-orders/pages/ServiceOrderDetail.tsx(1310,17): error TS17004: Cannot use JSX unless the '--jsx' flag is provided.
src/modules/field/service-orders/pages/ServiceOrderDetail.tsx(1319,11): error TS17004: Cannot use JSX unless the '--jsx' flag is provided.
src/modules/field/service-orders/pages/ServiceOrderDetail.tsx(1320,13): error TS17004: Cannot use JSX unless the '--jsx' flag is provided.
src/modules/field/service-orders/pages/ServiceOrderDetail.tsx(1321,15): error TS17004: Cannot use JSX unless the '--jsx' flag is provided.
src/modules/field/service-orders/pages/ServiceOrderDetail.tsx(1322,17): error TS17004: Cannot use JSX unless the '--jsx' flag is provided.
src/modules/field/service-orders/pages/ServiceOrderDetail.tsx(1333,11): error TS17004: Cannot use JSX unless the '--jsx' flag is provided.
src/modules/field/service-orders/pages/ServiceOrderDetail.tsx(1334,13): error TS17004: Cannot use JSX unless the '--jsx' flag is provided.
src/modules/field/service-orders/pages/ServiceOrderDetail.tsx(1341,11): error TS17004: Cannot use JSX unless the '--jsx' flag is provided.
src/modules/field/service-orders/pages/ServiceOrderDetail.tsx(1342,13): error TS17004: Cannot use JSX unless the '--jsx' flag is provided.
src/modules/field/service-orders/pages/ServiceOrderDetail.tsx(1351,11): error TS17004: Cannot use JSX unless the '--jsx' flag is provided.
src/modules/field/service-orders/pages/ServiceOrderDetail.tsx(1352,13): error TS17004: Cannot use JSX unless the '--jsx' flag is provided.
src/modules/field/service-orders/pages/ServiceOrderDetail.tsx(1361,11): error TS17004: Cannot use JSX unless the '--jsx' flag is provided.
src/modules/field/service-orders/pages/ServiceOrderDetail.tsx(1362,13): error TS17004: Cannot use JSX unless the '--jsx' flag is provided.
src/modules/field/service-orders/pages/ServiceOrderDetail.tsx(1370,9): error TS17004: Cannot use JSX unless the '--jsx' flag is provided.
src/modules/field/service-orders/pages/ServiceOrderDetail.tsx(1382,25): error TS17004: Cannot use JSX unless the '--jsx' flag is provided.
src/modules/field/service-orders/pages/ServiceOrderDetail.tsx(1386,9): error TS17004: Cannot use JSX unless the '--jsx' flag is provided.
src/modules/field/service-orders/pages/ServiceOrderDetail.tsx(1393,9): error TS17004: Cannot use JSX unless the '--jsx' flag is provided.
src/modules/field/service-orders/pages/ServiceOrderDetail.tsx(1403,9): error TS17004: Cannot use JSX unless the '--jsx' flag is provided.
src/modules/field/service-orders/pages/ServiceOrderDetail.tsx(1413,9): error TS17004: Cannot use JSX unless the '--jsx' flag is provided.
src/modules/field/service-orders/pages/ServiceOrderDetail.tsx(1423,11): error TS17004: Cannot use JSX unless the '--jsx' flag is provided.
src/modules/field/service-orders/pages/ServiceOrderDetail.tsx(1424,13): error TS17004: Cannot use JSX unless the '--jsx' flag is provided.
src/modules/field/service-orders/pages/ServiceOrderDetail.tsx(1425,15): error TS17004: Cannot use JSX unless the '--jsx' flag is provided.
src/modules/field/service-orders/pages/ServiceOrderDetail.tsx(1426,17): error TS17004: Cannot use JSX unless the '--jsx' flag is provided.
src/modules/field/service-orders/pages/ServiceOrderDetail.tsx(1432,15): error TS17004: Cannot use JSX unless the '--jsx' flag is provided.
src/modules/field/service-orders/pages/ServiceOrderDetail.tsx(1434,17): error TS17004: Cannot use JSX unless the '--jsx' flag is provided.
src/modules/field/service-orders/pages/ServiceOrderDetail.tsx(1435,19): error TS17004: Cannot use JSX unless the '--jsx' flag is provided.
src/modules/field/service-orders/pages/ServiceOrderDetail.tsx(1436,21): error TS17004: Cannot use JSX unless the '--jsx' flag is provided.
src/modules/field/service-orders/pages/ServiceOrderDetail.tsx(1437,21): error TS17004: Cannot use JSX unless the '--jsx' flag is provided.
src/modules/field/service-orders/pages/ServiceOrderDetail.tsx(1439,19): error TS17004: Cannot use JSX unless the '--jsx' flag is provided.
src/modules/field/service-orders/pages/ServiceOrderDetail.tsx(1440,21): error TS17004: Cannot use JSX unless the '--jsx' flag is provided.
src/modules/field/service-orders/pages/ServiceOrderDetail.tsx(1441,21): error TS17004: Cannot use JSX unless the '--jsx' flag is provided.
src/modules/field/service-orders/pages/ServiceOrderDetail.tsx(1443,19): error TS17004: Cannot use JSX unless the '--jsx' flag is provided.
src/modules/field/service-orders/pages/ServiceOrderDetail.tsx(1444,21): error TS17004: Cannot use JSX unless the '--jsx' flag is provided.
src/modules/field/service-orders/pages/ServiceOrderDetail.tsx(1445,21): error TS17004: Cannot use JSX unless the '--jsx' flag is provided.
src/modules/field/service-orders/pages/ServiceOrderDetail.tsx(1447,19): error TS17004: Cannot use JSX unless the '--jsx' flag is provided.
src/modules/field/service-orders/pages/ServiceOrderDetail.tsx(1448,21): error TS17004: Cannot use JSX unless the '--jsx' flag is provided.
src/modules/field/service-orders/pages/ServiceOrderDetail.tsx(1449,21): error TS17004: Cannot use JSX unless the '--jsx' flag is provided.
src/modules/field/service-orders/pages/ServiceOrderDetail.tsx(1451,19): error TS17004: Cannot use JSX unless the '--jsx' flag is provided.
src/modules/field/service-orders/pages/ServiceOrderDetail.tsx(1452,21): error TS17004: Cannot use JSX unless the '--jsx' flag is provided.
src/modules/field/service-orders/pages/ServiceOrderDetail.tsx(1453,21): error TS17004: Cannot use JSX unless the '--jsx' flag is provided.
src/modules/field/service-orders/pages/ServiceOrderDetail.tsx(1455,19): error TS17004: Cannot use JSX unless the '--jsx' flag is provided.
src/modules/field/service-orders/pages/ServiceOrderDetail.tsx(1456,21): error TS17004: Cannot use JSX unless the '--jsx' flag is provided.
src/modules/field/service-orders/pages/ServiceOrderDetail.tsx(1457,21): error TS17004: Cannot use JSX unless the '--jsx' flag is provided.
src/modules/field/service-orders/pages/ServiceOrderDetail.tsx(1461,17): error TS17004: Cannot use JSX unless the '--jsx' flag is provided.
src/modules/field/service-orders/pages/ServiceOrderDetail.tsx(1464,17): error TS17004: Cannot use JSX unless the '--jsx' flag is provided.
src/modules/field/service-orders/pages/ServiceOrderDetail.tsx(1465,19): error TS17004: Cannot use JSX unless the '--jsx' flag is provided.
src/modules/field/service-orders/pages/ServiceOrderDetail.tsx(1466,21): error TS17004: Cannot use JSX unless the '--jsx' flag is provided.
src/modules/field/service-orders/pages/ServiceOrderDetail.tsx(1467,21): error TS17004: Cannot use JSX unless the '--jsx' flag is provided.
src/modules/field/service-orders/pages/ServiceOrderDetail.tsx(1469,19): error TS17004: Cannot use JSX unless the '--jsx' flag is provided.
src/modules/field/service-orders/pages/ServiceOrderDetail.tsx(1470,21): error TS17004: Cannot use JSX unless the '--jsx' flag is provided.
src/modules/field/service-orders/pages/ServiceOrderDetail.tsx(1471,21): error TS17004: Cannot use JSX unless the '--jsx' flag is provided.
src/modules/field/service-orders/pages/ServiceOrderDetail.tsx(1477,19): error TS17004: Cannot use JSX unless the '--jsx' flag is provided.
src/modules/field/service-orders/pages/ServiceOrderDetail.tsx(1478,21): error TS17004: Cannot use JSX unless the '--jsx' flag is provided.
src/modules/field/service-orders/pages/ServiceOrderDetail.tsx(1479,21): error TS17004: Cannot use JSX unless the '--jsx' flag is provided.
src/modules/field/service-orders/pages/ServiceOrderDetail.tsx(1485,19): error TS17004: Cannot use JSX unless the '--jsx' flag is provided.
src/modules/field/service-orders/pages/ServiceOrderDetail.tsx(1486,21): error TS17004: Cannot use JSX unless the '--jsx' flag is provided.
src/modules/field/service-orders/pages/ServiceOrderDetail.tsx(1487,21): error TS17004: Cannot use JSX unless the '--jsx' flag is provided.
src/modules/field/service-orders/pages/ServiceOrderDetail.tsx(1488,23): error TS17004: Cannot use JSX unless the '--jsx' flag is provided.
src/modules/field/service-orders/pages/ServiceOrderDetail.tsx(1489,23): error TS17004: Cannot use JSX unless the '--jsx' flag is provided.
src/modules/field/service-orders/pages/ServiceOrderDetail.tsx(1496,19): error TS17004: Cannot use JSX unless the '--jsx' flag is provided.
src/modules/field/service-orders/pages/ServiceOrderDetail.tsx(1497,21): error TS17004: Cannot use JSX unless the '--jsx' flag is provided.
src/modules/field/service-orders/pages/ServiceOrderDetail.tsx(1498,21): error TS17004: Cannot use JSX unless the '--jsx' flag is provided.
src/modules/field/service-orders/pages/ServiceOrderDetail.tsx(1499,23): error TS17004: Cannot use JSX unless the '--jsx' flag is provided.
src/modules/field/service-orders/pages/ServiceOrderDetail.tsx(1500,25): error TS17004: Cannot use JSX unless the '--jsx' flag is provided.
src/modules/field/service-orders/pages/ServiceOrderDetail.tsx(1505,25): error TS17004: Cannot use JSX unless the '--jsx' flag is provided.
src/modules/field/service-orders/pages/ServiceOrderDetail.tsx(1506,27): error TS17004: Cannot use JSX unless the '--jsx' flag is provided.
src/modules/field/service-orders/pages/ServiceOrderDetail.tsx(1507,27): error TS17004: Cannot use JSX unless the '--jsx' flag is provided.
src/modules/field/service-orders/pages/ServiceOrderDetail.tsx(1512,25): error TS17004: Cannot use JSX unless the '--jsx' flag is provided.
src/modules/field/service-orders/pages/ServiceOrderDetail.tsx(1513,27): error TS17004: Cannot use JSX unless the '--jsx' flag is provided.
src/modules/field/service-orders/pages/ServiceOrderDetail.tsx(1514,27): error TS17004: Cannot use JSX unless the '--jsx' flag is provided.
src/modules/field/service-orders/pages/ServiceOrderDetail.tsx(1523,19): error TS17004: Cannot use JSX unless the '--jsx' flag is provided.
src/modules/field/service-orders/pages/ServiceOrderDetail.tsx(1524,21): error TS17004: Cannot use JSX unless the '--jsx' flag is provided.
src/modules/field/service-orders/pages/ServiceOrderDetail.tsx(1525,21): error TS17004: Cannot use JSX unless the '--jsx' flag is provided.
src/modules/field/service-orders/pages/ServiceOrderDetail.tsx(1526,23): error TS17004: Cannot use JSX unless the '--jsx' flag is provided.
src/modules/field/service-orders/pages/ServiceOrderDetail.tsx(1527,25): error TS17004: Cannot use JSX unless the '--jsx' flag is provided.
src/modules/field/service-orders/pages/ServiceOrderDetail.tsx(1530,23): error TS17004: Cannot use JSX unless the '--jsx' flag is provided.
src/modules/field/service-orders/pages/ServiceOrderDetail.tsx(1531,25): error TS17004: Cannot use JSX unless the '--jsx' flag is provided.
src/modules/field/service-orders/pages/ServiceOrderDetail.tsx(1532,27): error TS17004: Cannot use JSX unless the '--jsx' flag is provided.
src/modules/field/service-orders/pages/ServiceOrderDetail.tsx(1533,29): error TS17004: Cannot use JSX unless the '--jsx' flag is provided.
src/modules/field/service-orders/pages/ServiceOrderDetail.tsx(1534,29): error TS17004: Cannot use JSX unless the '--jsx' flag is provided.
src/modules/field/service-orders/pages/ServiceOrderDetail.tsx(1536,27): error TS17004: Cannot use JSX unless the '--jsx' flag is provided.
src/modules/field/service-orders/pages/ServiceOrderDetail.tsx(1537,29): error TS17004: Cannot use JSX unless the '--jsx' flag is provided.
src/modules/field/service-orders/pages/ServiceOrderDetail.tsx(1538,29): error TS17004: Cannot use JSX unless the '--jsx' flag is provided.
src/modules/field/service-orders/pages/ServiceOrderDetail.tsx(1556,17): error TS17004: Cannot use JSX unless the '--jsx' flag is provided.
src/modules/field/service-orders/pages/ServiceOrderDetail.tsx(1557,17): error TS17004: Cannot use JSX unless the '--jsx' flag is provided.
src/modules/field/service-orders/pages/ServiceOrderDetail.tsx(1558,19): error TS17004: Cannot use JSX unless the '--jsx' flag is provided.
src/modules/field/service-orders/pages/ServiceOrderDetail.tsx(1575,21): error TS17004: Cannot use JSX unless the '--jsx' flag is provided.
src/modules/field/service-orders/pages/ServiceOrderDetail.tsx(1578,19): error TS17004: Cannot use JSX unless the '--jsx' flag is provided.
src/modules/field/service-orders/pages/ServiceOrderDetail.tsx(1579,21): error TS17004: Cannot use JSX unless the '--jsx' flag is provided.
src/modules/field/service-orders/pages/ServiceOrderDetail.tsx(1582,21): error TS17004: Cannot use JSX unless the '--jsx' flag is provided.
src/modules/field/service-orders/pages/ServiceOrderDetail.tsx(1589,23): error TS17004: Cannot use JSX unless the '--jsx' flag is provided.
src/modules/field/service-orders/pages/ServiceOrderDetail.tsx(1599,15): error TS17004: Cannot use JSX unless the '--jsx' flag is provided.
src/modules/field/service-orders/pages/ServiceOrderDetail.tsx(1600,17): error TS17004: Cannot use JSX unless the '--jsx' flag is provided.
src/modules/field/service-orders/pages/ServiceOrderDetail.tsx(1601,19): error TS17004: Cannot use JSX unless the '--jsx' flag is provided.
src/modules/field/service-orders/pages/ServiceOrderDetail.tsx(1602,21): error TS17004: Cannot use JSX unless the '--jsx' flag is provided.
src/modules/field/service-orders/pages/ServiceOrderDetail.tsx(1603,21): error TS17004: Cannot use JSX unless the '--jsx' flag is provided.
src/modules/field/service-orders/pages/ServiceOrderDetail.tsx(1608,21): error TS17004: Cannot use JSX unless the '--jsx' flag is provided.
src/modules/field/service-orders/pages/ServiceOrderDetail.tsx(1610,19): error TS17004: Cannot use JSX unless the '--jsx' flag is provided.
src/modules/field/service-orders/pages/ServiceOrderDetail.tsx(1611,21): error TS17004: Cannot use JSX unless the '--jsx' flag is provided.
src/modules/field/service-orders/pages/ServiceOrderDetail.tsx(1612,21): error TS17004: Cannot use JSX unless the '--jsx' flag is provided.
src/modules/field/service-orders/pages/ServiceOrderDetail.tsx(1618,19): error TS17004: Cannot use JSX unless the '--jsx' flag is provided.
src/modules/field/service-orders/pages/ServiceOrderDetail.tsx(1619,21): error TS17004: Cannot use JSX unless the '--jsx' flag is provided.
src/modules/field/service-orders/pages/ServiceOrderDetail.tsx(1620,21): error TS17004: Cannot use JSX unless the '--jsx' flag is provided.
src/modules/field/service-orders/pages/ServiceOrderDetail.tsx(1627,19): error TS17004: Cannot use JSX unless the '--jsx' flag is provided.
src/modules/field/service-orders/pages/ServiceOrderDetail.tsx(1628,21): error TS17004: Cannot use JSX unless the '--jsx' flag is provided.
src/modules/field/service-orders/pages/ServiceOrderDetail.tsx(1629,21): error TS17004: Cannot use JSX unless the '--jsx' flag is provided.
src/modules/field/service-orders/pages/ServiceOrderDetail.tsx(1639,17): error TS17004: Cannot use JSX unless the '--jsx' flag is provided.
src/modules/field/service-orders/pages/ServiceOrderDetail.tsx(1640,19): error TS17004: Cannot use JSX unless the '--jsx' flag is provided.
src/modules/field/service-orders/pages/ServiceOrderDetail.tsx(1641,19): error TS17004: Cannot use JSX unless the '--jsx' flag is provided.
src/modules/field/service-orders/pages/ServiceOrderDetail.tsx(1648,17): error TS17004: Cannot use JSX unless the '--jsx' flag is provided.
src/modules/field/service-orders/pages/ServiceOrderDetail.tsx(1650,17): error TS17004: Cannot use JSX unless the '--jsx' flag is provided.
src/modules/field/service-orders/pages/ServiceOrderDetail.tsx(1651,19): error TS17004: Cannot use JSX unless the '--jsx' flag is provided.
src/modules/field/service-orders/pages/ServiceOrderDetail.tsx(1652,19): error TS17004: Cannot use JSX unless the '--jsx' flag is provided.
src/modules/field/service-orders/pages/ServiceOrderDetail.tsx(1653,21): error TS17004: Cannot use JSX unless the '--jsx' flag is provided.
src/modules/field/service-orders/pages/ServiceOrderDetail.tsx(1654,21): error TS17004: Cannot use JSX unless the '--jsx' flag is provided.
src/modules/field/service-orders/pages/ServiceOrderDetail.tsx(1660,19): error TS17004: Cannot use JSX unless the '--jsx' flag is provided.
src/modules/field/service-orders/pages/ServiceOrderDetail.tsx(1661,21): error TS17004: Cannot use JSX unless the '--jsx' flag is provided.
src/modules/field/service-orders/pages/ServiceOrderDetail.tsx(1662,21): error TS17004: Cannot use JSX unless the '--jsx' flag is provided.
src/modules/field/service-orders/pages/ServiceOrderDetail.tsx(1670,17): error TS17004: Cannot use JSX unless the '--jsx' flag is provided.
src/modules/field/service-orders/pages/ServiceOrderDetail.tsx(1672,17): error TS17004: Cannot use JSX unless the '--jsx' flag is provided.
src/modules/field/service-orders/pages/ServiceOrderDetail.tsx(1673,19): error TS17004: Cannot use JSX unless the '--jsx' flag is provided.
src/modules/field/service-orders/pages/ServiceOrderDetail.tsx(1674,21): error TS17004: Cannot use JSX unless the '--jsx' flag is provided.
src/modules/field/service-orders/pages/ServiceOrderDetail.tsx(1679,21): error TS17004: Cannot use JSX unless the '--jsx' flag is provided.
src/modules/field/service-orders/pages/ServiceOrderDetail.tsx(1683,21): error TS17004: Cannot use JSX unless the '--jsx' flag is provided.
src/modules/field/service-orders/pages/ServiceOrderDetail.tsx(1684,23): error TS17004: Cannot use JSX unless the '--jsx' flag is provided.
src/modules/field/service-orders/pages/ServiceOrderDetail.tsx(1685,25): error TS17004: Cannot use JSX unless the '--jsx' flag is provided.
src/modules/field/service-orders/pages/ServiceOrderDetail.tsx(1686,25): error TS17004: Cannot use JSX unless the '--jsx' flag is provided.
src/modules/field/service-orders/pages/ServiceOrderDetail.tsx(1692,23): error TS17004: Cannot use JSX unless the '--jsx' flag is provided.
src/modules/field/service-orders/pages/ServiceOrderDetail.tsx(1693,25): error TS17004: Cannot use JSX unless the '--jsx' flag is provided.
src/modules/field/service-orders/pages/ServiceOrderDetail.tsx(1694,25): error TS17004: Cannot use JSX unless the '--jsx' flag is provided.
src/modules/field/service-orders/pages/ServiceOrderDetail.tsx(1699,27): error TS17004: Cannot use JSX unless the '--jsx' flag is provided.
src/modules/field/service-orders/pages/ServiceOrderDetail.tsx(1700,27): error TS17004: Cannot use JSX unless the '--jsx' flag is provided.
src/modules/field/service-orders/pages/ServiceOrderDetail.tsx(1701,27): error TS17004: Cannot use JSX unless the '--jsx' flag is provided.
src/modules/field/service-orders/pages/ServiceOrderDetail.tsx(1709,17): error TS17004: Cannot use JSX unless the '--jsx' flag is provided.
src/modules/field/service-orders/pages/ServiceOrderDetail.tsx(1710,17): error TS17004: Cannot use JSX unless the '--jsx' flag is provided.
src/modules/field/service-orders/pages/ServiceOrderDetail.tsx(1711,19): error TS17004: Cannot use JSX unless the '--jsx' flag is provided.
src/modules/field/service-orders/pages/ServiceOrderDetail.tsx(1720,19): error TS17004: Cannot use JSX unless the '--jsx' flag is provided.
src/modules/field/service-orders/pages/ServiceOrderDetail.tsx(1735,7): error TS17004: Cannot use JSX unless the '--jsx' flag is provided.
src/modules/field/service-orders/utils/pdfSettings.utils.ts(1,85): error TS2307: Cannot find module '@/hooks/companyLogoUtils' or its corresponding type declarations.
